INFO:main:[ENV] ALPACA_API_KEY: SET
INFO:main:[ENV] TRADIER_API_KEY: SET
INFO:services.health_service:No GPU detected, using CPU
INFO:main:Market hours service loaded
INFO:main:PropFirm Brain V6 loaded successfully
INFO:main:All services loaded successfully
INFO:services.data_service:[DATA SOURCE] Alpaca: ENABLED
INFO:services.data_service:[DATA SOURCE] Tradier: ENABLED
INFO:services.data_service:[DATA SOURCE] Yahoo Finance: ENABLED
INFO:services.data_service:Loaded 0 cached prices from DB
INFO:services.data_service:DataService initialized with 4 sources
INFO:services.data_service:LIVE DATA MODE: ENABLED
INFO:services.data_service:Active live sources: ['alpaca', 'tradier', 'yahoo']
INFO:services.data_service:[LIVE] SPY from alpaca: $688.44
INFO:services.data_service:[LIVE] QQQ from alpaca: $621.55
INFO:services.data_service:[LIVE] DIA from alpaca: $490.03
INFO:services.data_service:[LIVE] IWM from alpaca: $263.96
INFO:services.data_service:[LIVE] AAPL from alpaca: $247.38
INFO:services.data_service:[LIVE] MSFT from alpaca: $232.62
INFO:services.data_service:[LIVE] GOOGL from alpaca: $325.95
INFO:services.data_service:[LIVE] AMZN from alpaca: $239.83
INFO:services.data_service:[LIVE] NVDA from alpaca: $187.62
INFO:services.data_service:[LIVE] META from alpaca: $312.96
INFO:services.data_service:[LIVE] TSLA from alpaca: $447.56
INFO:services.data_service:[LIVE] AMD from alpaca: $258.73
INFO:main:[LIVE DATA] Initialized 12 symbols from alpaca
INFO:brain.feedback_loop:FeedbackLoop initialized with targets: win_rate=55.0%, profit_factor=1.5
INFO:main:Feedback loop initialized successfully
INFO:     Started server process [25508]
INFO:     Waiting for application startup.
INFO:main:[STARTUP] QUANT INDUSTRY API v10.0 starting...
INFO:main:[STARTUP] Services available: True
INFO:main:[STARTUP] Alpaca API Key configured: Yes
INFO:main:[STARTUP] Background market data refresh task started
INFO:     Application startup complete.
ERROR:    [Errno 10048] error while attempting to bind on address ('0.0.0.0', 8000): [winerror 10048] only one usage of each socket address (protocol/network address/port) is normally permitted
INFO:     Waiting for application shutdown.
INFO:     Application shutdown complete.
